[05/17/26 07:54:10] INFO     Processing request of type           server.py:727
                             ListToolsRequest                                  
[05/17/26 07:54:33] INFO     Processing request of type           server.py:727
                             CallToolRequest                                   
                    INFO     Processing request of type           server.py:727
                             CallToolRequest                                   
[05/17/26 07:55:10] INFO     Processing request of type           server.py:727
                             CallToolRequest                                   
[05/17/26 07:55:15] INFO     Processing request of type           server.py:727
                             CallToolRequest                                   
[05/17/26 07:55:20] INFO     Processing request of type           server.py:727
                             CallToolRequest                                   
[05/17/26 07:55:39] INFO     Processing request of type           server.py:727
                             CallToolRequest                                   
[05/17/26 07:55:58] INFO     Processing request of type           server.py:727
                             CallToolRequest                                   
[05/17/26 07:56:16] INFO     Processing request of type           server.py:727
                             CallToolRequest                                   
[05/17/26 07:56:35] INFO     Processing request of type           server.py:727
                             CallToolRequest                                   
[05/17/26 07:56:54] INFO     Processing request of type           server.py:727
                             CallToolRequest                                   
[05/17/26 07:57:13] INFO     Processing request of type           server.py:727
                             CallToolRequest                                   
[05/17/26 07:57:32] INFO     Processing request of type           server.py:727
                             CallToolRequest                                   
[05/17/26 07:57:52] INFO     Processing request of type           server.py:727
                             CallToolRequest                                   
[05/17/26 07:58:12] INFO     Processing request of type           server.py:727
                             CallToolRequest                                   
[05/17/26 07:59:03] INFO     Processing request of type           server.py:727
                             CallToolRequest                                   
                    INFO     Processing request of type           server.py:727
                             CallToolRequest                                   
                    INFO     Processing request of type           server.py:727
                             CallToolRequest                                   
[05/17/26 07:59:15] INFO     Processing request of type           server.py:727
                             CallToolRequest                                   
[05/17/26 07:59:39] INFO     Processing request of type           server.py:727
                             CallToolRequest                                   
[05/17/26 08:00:06] INFO     Processing request of type           server.py:727
                             CallToolRequest                                   
[05/17/26 08:00:29] INFO     Processing request of type           server.py:727
                             CallToolRequest                                   
[05/17/26 08:02:28] INFO     Processing request of type           server.py:727
                             CallToolRequest                                   
[05/17/26 08:02:34] INFO     Processing request of type           server.py:727
                             CallToolRequest                                   
[05/17/26 08:02:40] INFO     Processing request of type           server.py:727
                             CallToolRequest                                   
[05/17/26 08:04:11] INFO     Processing request of type           server.py:727
                             CallToolRequest                                   
                    INFO     Processing request of type           server.py:727
                             CallToolRequest                                   
[05/17/26 08:06:32] INFO     Processing request of type           server.py:727
                             CallToolRequest                                   
                    INFO     Processing request of type           server.py:727
                             CallToolRequest                                   
[05/17/26 08:07:13] INFO     Processing request of type           server.py:727
                             CallToolRequest                                   
                    INFO     Processing request of type           server.py:727
                             CallToolRequest                                   
                    INFO     Processing request of type           server.py:727
                             CallToolRequest                                   
  ERROR: 
[05/17/26 08:11:04] INFO     Processing request of type           server.py:727
                             CallToolRequest                                   
[05/17/26 08:11:11] INFO     Processing request of type           server.py:727
                             CallToolRequest                                   
[05/17/26 08:11:17] INFO     Processing request of type           server.py:727
                             CallToolRequest                                   
